[2026-09-02 14:26:28,045] INFO [Broker id=3] Transitioning 2 partition(s) to local leaders. (state.change.logger)
[2026-09-02 14:26:28,041] INFO [Broker id=4] Transitioning 2 partition(s) to local followers. (state.change.logger)
[2026-09-02 14:26:28,236] INFO [Broker id=4] Follower order-events-topic-0 starts at leader epoch 3 from offset 0 with partition epoch 4 and high watermark 0. Current leader is 3. Previous leader Some(4) and previous leader epoch was 2. (state.change.logger)
[2026-09-02 14:26:28,236] INFO [Broker id=4] Skipped the become-follower state change for order-events-topic-1 with topic id Some(_unHxDQrT4C8ryUsFrLcAA), partition registration PartitionRegistration(replicas=[3, 4], directories=[o7On3fcy2i4n8ueYOx9Ygg, tSvxDf8D7-u3krFEWCma6Q], isr=[3], removingReplicas=[], addingReplicas=[], elr=[], lastKnownElr=[], leader=3, leaderRecoveryState=RECOVERED, leaderEpoch=0, partitionEpoch=3) and isNew=false since it is already a follower with leader epoch 0. (state.change.logger)
[2026-09-02 14:26:28,272] INFO [Broker id=3] Leader order-events-topic-0 with topic id Some(_unHxDQrT4C8ryUsFrLcAA) starts at leader epoch 3 from offset 0 with partition epoch 4, high watermark 0, ISR [3], adding replicas [] and removing replicas [] . Previous leader Some(4) and previous leader epoch was 2. (state.change.logger)
[2026-09-02 14:26:28,274] INFO [Broker id=4] Stopped fetchers as part of become-follower for 1 partitions (state.change.logger)
[2026-09-02 14:26:28,289] INFO [Broker id=4] Started fetchers as part of become-follower for 1 partitions (state.change.logger)
[2026-09-02 14:26:28,294] INFO [Broker id=4] Transitioning 2 partition(s) to local followers. (state.change.logger)
[2026-09-02 14:26:28,295] INFO [Broker id=4] Follower order-events-topic-0 starts at leader epoch 4 from offset 0 with partition epoch 5 and high watermark 0. Current leader is -1. Previous leader Some(3) and previous leader epoch was 3. (state.change.logger)
[2026-09-02 14:26:28,295] INFO [Broker id=4] Follower order-events-topic-1 starts at leader epoch 1 from offset 0 with partition epoch 4 and high watermark 0. Current leader is -1. Previous leader Some(3) and previous leader epoch was 0. (state.change.logger)
[2026-09-02 14:26:28,338] INFO [Broker id=4] Stopped fetchers as part of become-follower for 2 partitions (state.change.logger)
[2026-09-02 14:26:28,340] INFO [Broker id=4] Started fetchers as part of become-follower for 2 partitions (state.change.logger)
[2026-09-02 14:26:28,368] INFO [Broker id=3] Skipped the become-leader state change for order-events-topic-1 with topic id Some(_unHxDQrT4C8ryUsFrLcAA), partition registration PartitionRegistration(replicas=[3, 4], directories=[o7On3fcy2i4n8ueYOx9Ygg, tSvxDf8D7-u3krFEWCma6Q], isr=[3], removingReplicas=[], addingReplicas=[], elr=[], lastKnownElr=[], leader=3, leaderRecoveryState=RECOVERED, leaderEpoch=0, partitionEpoch=3) and isNew=false since it is already the leader with leader epoch 0. Current high watermark 0, ISR [3], adding replicas [] and removing replicas []. (state.change.logger)
[2026-09-02 14:26:28,439] INFO [Broker id=3] Transitioning 2 partition(s) to local followers. (state.change.logger)
[2026-09-02 14:26:28,439] INFO [Broker id=3] Follower order-events-topic-0 starts at leader epoch 4 from offset 0 with partition epoch 5 and high watermark 0. Current leader is -1. Previous leader Some(3) and previous leader epoch was 3. (state.change.logger)
[2026-09-02 14:26:28,472] INFO [Broker id=3] Follower order-events-topic-1 starts at leader epoch 1 from offset 0 with partition epoch 4 and high watermark 0. Current leader is -1. Previous leader Some(3) and previous leader epoch was 0. (state.change.logger)
[2026-09-02 14:26:28,486] INFO [Broker id=3] Stopped fetchers as part of become-follower for 2 partitions (state.change.logger)
[2026-09-02 14:26:28,486] INFO [Broker id=3] Started fetchers as part of become-follower for 2 partitions (state.change.logger)
[2026-09-02 14:26:28,809] INFO [Broker id=3] Transitioning 2 partition(s) to local leaders. (state.change.logger)
[2026-09-02 14:26:28,809] INFO [Broker id=4] Transitioning 2 partition(s) to local followers. (state.change.logger)
[2026-09-02 14:26:28,809] INFO [Broker id=4] Follower order-events-topic-0 starts at leader epoch 5 from offset 0 with partition epoch 6 and high watermark 0. Current leader is 3. Previous leader Some(-1) and previous leader epoch was 4. (state.change.logger)
[2026-09-02 14:26:28,811] INFO [Broker id=4] Follower order-events-topic-1 starts at leader epoch 2 from offset 0 with partition epoch 5 and high watermark 0. Current leader is 3. Previous leader Some(-1) and previous leader epoch was 1. (state.change.logger)
[2026-09-02 14:26:28,819] INFO [Broker id=4] Stopped fetchers as part of become-follower for 2 partitions (state.change.logger)
[2026-09-02 14:26:28,823] INFO [Broker id=3] Leader order-events-topic-0 with topic id Some(_unHxDQrT4C8ryUsFrLcAA) starts at leader epoch 5 from offset 0 with partition epoch 6, high watermark 0, ISR [3], adding replicas [] and removing replicas [] . Previous leader Some(-1) and previous leader epoch was 4. (state.change.logger)
[2026-09-02 14:26:28,831] INFO [Broker id=4] Started fetchers as part of become-follower for 2 partitions (state.change.logger)
[2026-09-02 14:26:28,862] INFO [Broker id=3] Leader order-events-topic-1 with topic id Some(_unHxDQrT4C8ryUsFrLcAA) starts at leader epoch 2 from offset 0 with partition epoch 5, high watermark 0, ISR [3], adding replicas [] and removing replicas [] . Previous leader Some(-1) and previous leader epoch was 1. (state.change.logger)
[2026-09-02 14:26:30,341] INFO [Broker id=4] Transitioning 1 partition(s) to local followers. (state.change.logger)
[2026-09-02 14:26:30,341] INFO [Broker id=4] Skipped the become-follower state change for order-events-topic-0 with topic id Some(_unHxDQrT4C8ryUsFrLcAA), partition registration PartitionRegistration(replicas=[4, 3], directories=[tSvxDf8D7-u3krFEWCma6Q, o7On3fcy2i4n8ueYOx9Ygg], isr=[3, 4], removingReplicas=[], addingReplicas=[], elr=[], lastKnownElr=[], leader=3, leaderRecoveryState=RECOVERED, leaderEpoch=5, partitionEpoch=7) and isNew=false since it is already a follower with leader epoch 5. (state.change.logger)
[2026-09-02 14:26:30,357] INFO [Broker id=3] Transitioning 1 partition(s) to local leaders. (state.change.logger)
[2026-09-02 14:26:30,394] INFO [Broker id=3] Skipped the become-leader state change for order-events-topic-0 with topic id Some(_unHxDQrT4C8ryUsFrLcAA), partition registration PartitionRegistration(replicas=[4, 3], directories=[tSvxDf8D7-u3krFEWCma6Q, o7On3fcy2i4n8ueYOx9Ygg], isr=[3, 4], removingReplicas=[], addingReplicas=[], elr=[], lastKnownElr=[], leader=3, leaderRecoveryState=RECOVERED, leaderEpoch=5, partitionEpoch=7) and isNew=false since it is already the leader with leader epoch 5. Current high watermark 0, ISR [3,4], adding replicas [] and removing replicas []. (state.change.logger)
[2026-09-02 14:26:30,526] INFO [Broker id=3] Transitioning 1 partition(s) to local leaders. (state.change.logger)
[2026-09-02 14:26:30,529] INFO [Broker id=4] Transitioning 1 partition(s) to local followers. (state.change.logger)
[2026-09-02 14:26:30,541] INFO [Broker id=4] Skipped the become-follower state change for order-events-topic-1 with topic id Some(_unHxDQrT4C8ryUsFrLcAA), partition registration PartitionRegistration(replicas=[3, 4], directories=[o7On3fcy2i4n8ueYOx9Ygg, tSvxDf8D7-u3krFEWCma6Q], isr=[3, 4], removingReplicas=[], addingReplicas=[], elr=[], lastKnownElr=[], leader=3, leaderRecoveryState=RECOVERED, leaderEpoch=2, partitionEpoch=6) and isNew=false since it is already a follower with leader epoch 2. (state.change.logger)
[2026-09-02 14:26:30,595] INFO [Broker id=3] Skipped the become-leader state change for order-events-topic-1 with topic id Some(_unHxDQrT4C8ryUsFrLcAA), partition registration PartitionRegistration(replicas=[3, 4], directories=[o7On3fcy2i4n8ueYOx9Ygg, tSvxDf8D7-u3krFEWCma6Q], isr=[3, 4], removingReplicas=[], addingReplicas=[], elr=[], lastKnownElr=[], leader=3, leaderRecoveryState=RECOVERED, leaderEpoch=2, partitionEpoch=6) and isNew=false since it is already the leader with leader epoch 2. Current high watermark 0, ISR [3,4], adding replicas [] and removing replicas []. (state.change.logger)
[2026-09-02 14:31:28,020] INFO [Broker id=3] Transitioning 1 partition(s) to local followers. (state.change.logger)
[2026-09-02 14:31:28,020] INFO [Broker id=4] Transitioning 1 partition(s) to local leaders. (state.change.logger)
[2026-09-02 14:31:28,021] INFO [Broker id=3] Follower order-events-topic-0 starts at leader epoch 6 from offset 0 with partition epoch 8 and high watermark 0. Current leader is 4. Previous leader Some(3) and previous leader epoch was 5. (state.change.logger)
[2026-09-02 14:31:28,023] INFO [Broker id=3] Stopped fetchers as part of become-follower for 1 partitions (state.change.logger)
[2026-09-02 14:31:28,023] INFO [Broker id=4] Leader order-events-topic-0 with topic id Some(_unHxDQrT4C8ryUsFrLcAA) starts at leader epoch 6 from offset 0 with partition epoch 8, high watermark 0, ISR [3,4], adding replicas [] and removing replicas [] . Previous leader Some(3) and previous leader epoch was 5. (state.change.logger)
[2026-09-02 14:31:28,035] INFO [Broker id=3] Started fetchers as part of become-follower for 1 partitions (state.change.logger)
